--------- beginning of main
03-01 14:31:06.971   583   965 W BestClock: java.time.DateTimeException: Missing network time fix
03-01 14:31:06.972   583   965 W BestClock: java.time.DateTimeException: Missing network time fix
03-01 14:31:06.972   583  3602 W BestClock: java.time.DateTimeException: Missing network time fix
--------- beginning of kernel
03-01 14:31:06.968     0     0 I logd    : logdr: UID=2000 GID=2000 PID=7290 b tail=0 logMask=99 pid=0 start=0ns deadline=0ns
03-01 14:31:07.976   583  3602 W BestClock: java.time.DateTimeException: Missing network time fix
03-01 14:31:07.976   583  3602 W BestClock: java.time.DateTimeException: Missing network time fix
03-01 14:31:07.978   583  3602 W BestClock: java.time.DateTimeException: Missing network time fix
03-01 14:31:08.567  1058  1329 D EGL_emulation: app_time_stats: avg=808.30ms min=1.11ms max=16346.11ms count=21
03-01 14:31:08.568   450  4360 D audioserver: logFgsApiBegin: FGS Logger Transaction failed, -129
--------- beginning of system
03-01 14:31:08.568   583  3602 W OptProp : Cannot read opt property android.window.PROPERTY_COMPAT_ALLOW_ORIENTATION_OVERRIDE
03-01 14:31:08.569   583  2311 W AS.PlaybackActivityMon: No piid assigned for invalid/internal port id 32
03-01 14:31:08.570   583  3602 V GrammaticalInflectionUtils: AttributionSource: AttributionSource { uid = 10151, packageName = null, attributionTag = null, token = android.os.Binder@711a5f2, deviceId = 0, next = null } does not have READ_SYSTEM_GRAMMATICAL_GENDER permission.
03-01 14:31:08.570   583  3602 W OptProp : Cannot read opt property android.window.PROPERTY_COMPAT_ALLOW_RESIZEABLE_ACTIVITY_OVERRIDES
03-01 14:31:08.570   583  3602 W OptProp : Cannot read opt property android.window.PROPERTY_COMPAT_ALLOW_MIN_ASPECT_RATIO_OVERRIDE
03-01 14:31:08.576   583  3602 I ActivityTaskManager: START u0 {act=android.intent.action.MAIN cat=[android.intent.category.LAUNCHER] flg=0x10200000 cmp=xyz.ws3917.game/org.libsdl.app.SDLActivity bnds=[0,447][80,567]} with LAUNCH_SINGLE_INSTANCE from uid 10120 (BAL_ALLOW_VISIBLE_WINDOW) result code=0
03-01 14:31:08.576   823   857 V WindowManagerShell: Transition requested (#310): android.os.BinderProxy@2cd647f TransitionRequestInfo { type = OPEN, triggerTask = TaskInfo{userId=0 taskId=136 displayId=0 isRunning=true baseIntent=Intent { act=android.intent.action.MAIN cat=[android.intent.category.LAUNCHER] flg=0x10200000 cmp=xyz.ws3917.game/org.libsdl.app.SDLActivity } baseActivity=ComponentInfo{xyz.ws3917.game/org.libsdl.app.SDLActivity} topActivity=ComponentInfo{xyz.ws3917.game/org.libsdl.app.SDLActivity} origActivity=null realActivity=ComponentInfo{xyz.ws3917.game/org.libsdl.app.SDLActivity} numActivities=1 lastActiveTime=20206087 supportsMultiWindow=true resizeMode=1 isResizeable=true minWidth=-1 minHeight=-1 defaultMinSize=220 token=WCT{android.window.IWindowContainerToken$Stub$Proxy@f4cac4c} topActivityType=1 pictureInPictureParams=null shouldDockBigOverlays=false launchIntoPipHostTaskId=-1 lastParentTaskIdBeforePip=-1 displayCutoutSafeInsets=null topActivityInfo=ActivityInfo{eecb495 org.libsdl.app.SDLActivity} launchCookies=[android.os.BinderProxy@a0c79aa] positionInParent=Point(0, 0) parentTaskId=-1 isFocused=false isVisible=false isVisibleRequested=false isSleeping=false locusId=null displayAreaFeatureId=1 isTopActivityTransparent=false appCompatTaskInfo=AppCompatTaskInfo { topActivityInSizeCompat=false topActivityEligibleForLetterboxEducation= falseisLetterboxEducationEnabled= false isLetterboxDoubleTapEnabled= false topActivityEligibleForUserAspectRatioButton= false topActivityBoundsLetterboxed= false isFromLetterboxDoubleTap= false topActivityLetterboxVerticalPosition= -1 topActivityLetterboxHorizontalPosition= -1 topActivityLetterboxWidth=320 topActivityLetterboxHeight=640 isUserFullscreenOverrideEnabled=false isSystemFullscreenOverrideEnabled=false cameraCompatTaskInfo=CameraCompatTaskInfo { cameraCompatControlState=hidden freeformCameraCompatMode=inactive}}}, pipTask = null, remoteTransition = RemoteTransition { remoteTransition = android.window.IRemoteTransition$Stub$Proxy@7ddc99b, appThread = android.app.IApplicationThread$Stub$Proxy@5be4138, debugName = QuickstepLaunch }, displayChange = null, flags = 0, debugId = 310 }
03-01 14:31:08.577   823   857 V WindowManagerShell: RemoteTransition directly requested for (#310) android.os.BinderProxy@2cd647f: RemoteTransition { remoteTransition = android.window.IRemoteTransition$Stub$Proxy@7ddc99b, appThread = android.app.IApplicationThread$Stub$Proxy@5be4138, debugName = QuickstepLaunch }
03-01 14:31:08.579   583   617 V GrammaticalInflectionUtils: AttributionSource: AttributionSource { uid = 10151, packageName = null, attributionTag = null, token = android.os.Binder@711a5f2, deviceId = 0, next = null } does not have READ_SYSTEM_GRAMMATICAL_GENDER permission.
03-01 14:31:08.582  1058  1058 D StatsLog: LAUNCHER_APP_LAUNCH_TAP
03-01 14:31:08.582   823   886 D SplashScreenView: Build android.window.SplashScreenView{4004f8b V.E...... ......ID 0,0-0,0}
03-01 14:31:08.582   823   886 D SplashScreenView: Icon: view: android.widget.ImageView{ce06868 V.ED..... ......I. 0,0-0,0 #1020504 android:id/splashscreen_icon_view} drawable: com.android.wm.shell.startingsurface.SplashscreenIconDrawableFactory$ImmobileIconDrawable@3cc5481 size: 160
03-01 14:31:08.582   823   886 D SplashScreenView: Branding: view: android.view.View{c857926 G.ED..... ......I. 0,0-0,0 #1020503 android:id/splashscreen_branding_view} drawable: null size w: 0 h: 0
03-01 14:31:08.584  1058  1058 W SplitSelectStateCtor: Missing session instanceIds
03-01 14:31:08.585  1058  1058 D StatsLog: LAUNCHER_SPLIT_SELECTION_EXIT_INTERRUPTED
03-01 14:31:08.591   382   382 D Zygote  : Forked child process 7295
03-01 14:31:08.591  1058  1058 I TopTaskTracker: onTaskMovedToFront: (moved taskInfo to front) taskId=136, baseIntent=Intent { act=android.intent.action.MAIN cat=[android.intent.category.LAUNCHER] flg=0x10200000 cmp=xyz.ws3917.game/org.libsdl.app.SDLActivity }
03-01 14:31:08.594   454   454 I BpBinder: onLastStrongRef automatically unlinking death recipients: 
03-01 14:31:08.597   583  2174 D CoreBackPreview: Window{ea1ed5b u0 Splash Screen xyz.ws3917.game}: Setting back callback OnBackInvokedCallbackInfo{mCallback=android.window.IOnBackInvokedCallback$Stub$Proxy@6a52ed1, mPriority=0, mIsAnimationCallback=false}
03-01 14:31:08.597   583   627 I ActivityManager: Start proc 7295:xyz.ws3917.game/u0a151 for next-top-activity {xyz.ws3917.game/org.libsdl.app.SDLActivity}
03-01 14:31:08.601   381   381 I netd    : tetherGetStats() -> {[]} <0.40ms>
03-01 14:31:08.604   823   857 D WindowManagerShell: onFixedRotationStarted: null, state=PipTransitionState(mState=undefined, mInSwipePipToHomeTransition=false)
03-01 14:31:08.607  7295  7295 I xyz.ws3917.game: Using CollectorTypeCMC GC.
03-01 14:31:08.609  7295  7295 W xyz.ws3917.game: Unexpected CPU variant for x86: x86_64.
03-01 14:31:08.609  7295  7295 W xyz.ws3917.game: Known variants: atom, sandybridge, silvermont, goldmont, goldmont-plus, goldmont-without-sha-xsaves, tremont, kabylake, default
03-01 14:31:08.622  7295  7295 E xyz.ws3917.game: Not starting debugger since process cannot load the jdwp agent.
03-01 14:31:08.623  7295  7295 D nativeloader: Load libframework-connectivity-tiramisu-jni.so using APEX ns com_android_tethering for caller /apex/com.android.tethering/javalib/framework-connectivity-t.jar: ok
03-01 14:31:08.663  7295  7295 D nativeloader: Configuring clns-7 for other apk /data/app/~~r7gqRWyCkJQxHFYAxzomjw==/xyz.ws3917.game-Y-mLcDfpTT2ZcMfZjkm2Jg==/base.apk. target_sdk_version=36, uses_libraries=, library_path=/data/app/~~r7gqRWyCkJQxHFYAxzomjw==/xyz.ws3917.game-Y-mLcDfpTT2ZcMfZjkm2Jg==/lib/x86_64:/data/app/~~r7gqRWyCkJQxHFYAxzomjw==/xyz.ws3917.game-Y-mLcDfpTT2ZcMfZjkm2Jg==/base.apk!/lib/x86_64, permitted_path=/data:/mnt/expand:/data/user/0/xyz.ws3917.game
03-01 14:31:08.669  7295  7295 V GraphicsEnvironment: Currently set values for:
03-01 14:31:08.670  7295  7295 V GraphicsEnvironment:   angle_gl_driver_selection_pkgs=[]
03-01 14:31:08.670  7295  7295 V GraphicsEnvironment:   angle_gl_driver_selection_values=[]
03-01 14:31:08.672  7295  7295 V GraphicsEnvironment: Global.Settings values are invalid: number of packages: 0, number of values: 0
03-01 14:31:08.673   583   614 V WindowManager: Sent Transition (#310) createdAt=03-01 14:31:08.571 via request=TransitionRequestInfo { type = OPEN, triggerTask = TaskInfo{userId=0 taskId=136 displayId=0 isRunning=true baseIntent=Intent { act=android.intent.action.MAIN cat=[android.intent.category.LAUNCHER] flg=0x10200000 cmp=xyz.ws3917.game/org.libsdl.app.SDLActivity } baseActivity=ComponentInfo{xyz.ws3917.game/org.libsdl.app.SDLActivity} topActivity=ComponentInfo{xyz.ws3917.game/org.libsdl.app.SDLActivity} origActivity=null realActivity=ComponentInfo{xyz.ws3917.game/org.libsdl.app.SDLActivity} numActivities=1 lastActiveTime=20206087 supportsMultiWindow=true resizeMode=1 isResizeable=true minWidth=-1 minHeight=-1 defaultMinSize=220 token=WCT{RemoteToken{3b4eac5 Task{cd7105e #136 type=standard A=10151:xyz.ws3917.game}}} topActivityType=1 pictureInPictureParams=null shouldDockBigOverlays=false launchIntoPipHostTaskId=-1 lastParentTaskIdBeforePip=-1 displayCutoutSafeInsets=null topActivityInfo=ActivityInfo{cee2c1a org.libsdl.app.SDLActivity} launchCookies=[android.os.BinderProxy@8f4e34b] positionInParent=Point(0, 0) parentTaskId=-1 isFocused=false isVisible=false isVisibleRequested=false isSleeping=false locusId=null displayAreaFeatureId=1 isTopActivityTransparent=false appCompatTaskInfo=AppCompatTaskInfo { topActivityInSizeCompat=false topActivityEligibleForLetterboxEducation= falseisLetterboxEducationEnabled= false isLetterboxDoubleTapEnabled= false topActivityEligibleForUserAspectRatioButton= false topActivityBoundsLetterboxed= false isFromLetterboxDoubleTap= false topActivityLetterboxVerticalPosition= -1 topActivityLetterboxHorizontalPosition= -1 topActivityLetterboxWidth=320 topActivityLetterboxHeight=640 isUserFullscreenOverrideEnabled=false isSystemFullscreenOverrideEnabled=false cameraCompatTaskInfo=CameraCompatTaskInfo { cameraCompatControlState=hidden freeformCameraCompatMode=inactive}}}, pipTask = null, remoteTransition = RemoteTransition { remoteTransition = android.window.IRemoteTransition$Stub$Proxy@487d128, appThread = android.app.IApplicationThread$Stub$Proxy@c7e6e41, debugName = QuickstepLaunch }, displayChange = null, flags = 0, debugId = 310 }
03-01 14:31:08.673   823  1940 V WindowManagerShell: onTransitionReady(transaction=2503965944921)
03-01 14:31:08.672  7295  7295 V GraphicsEnvironment: Neither updatable production driver nor prerelease driver is supported.
03-01 14:31:08.674   583   614 V WindowManager:     startWCT=WindowContainerTransaction { changes = {} hops = [] errorCallbackToken=null taskFragmentOrganizer=null }
03-01 14:31:08.674   583   614 V WindowManager:     info={id=310 t=OPEN f=0x0 trk=0 r=[0@Point(0, 0)] c=[
03-01 14:31:08.674   583   614 V WindowManager:         {WCT{RemoteToken{3b4eac5 Task{cd7105e #136 type=standard A=10151:xyz.ws3917.game}}} m=OPEN f=NONE leash=Surface(name=Task=136)/@0x59de709 sb=Rect(0, 0 - 320, 640) eb=Rect(0, 0 - 320, 640) d=0 endFixedRotation=1 taskParent=-1},
03-01 14:31:08.674   583   614 V WindowManager:         {WCT{RemoteToken{1cb1aa7 Task{d6996cd #1 type=home}}} m=TO_BACK f=SHOW_WALLPAPER leash=Surface(name=Task=1)/@0xcf3cd7c sb=Rect(0, 0 - 320, 640) eb=Rect(0, 0 - 320, 640) d=0 taskParent=-1}
03-01 14:31:08.674   583   614 V WindowManager:     ]}
03-01 14:31:08.675   823   857 V WindowManagerShell: onTransitionReady (#310) android.os.BinderProxy@2cd647f: {id=310 t=OPEN f=0x0 trk=0 r=[0@Point(0, 0)] c=[{WCT{android.window.IWindowContainerToken$Stub$Proxy@882150a} m=OPEN f=NONE leash=Surface(name=Task=136)/@0xd570e5f sb=Rect(0, 0 - 320, 640) eb=Rect(0, 0 - 320, 640) d=0 endFixedRotation=1 taskParent=-1},{WCT{android.window.IWindowContainerToken$Stub$Proxy@188317b} m=TO_BACK f=SHOW_WALLPAPER leash=Surface(name=Task=1)/@0xec40ac sb=Rect(0, 0 - 320, 640) eb=Rect(0, 0 - 320, 640) d=0 taskParent=-1}]}
03-01 14:31:08.677   823   857 V WindowManagerShell: Playing animation for (#310) android.os.BinderProxy@2cd647f@0
03-01 14:31:08.677   823   857 V WindowManagerShell:  try firstHandler com.android.wm.shell.transition.DefaultMixedHandler@8fa7666
03-01 14:31:08.677   823   857 V WindowManagerShell: Mixed transition for opening an intent with a remote transition and PIP #310
03-01 14:31:08.678   823   857 V WindowManagerShell:  Delegate animation for (#310) to RemoteTransition { remoteTransition = android.window.IRemoteTransition$Stub$Proxy@7ddc99b, appThread = android.app.IApplicationThread$Stub$Proxy@5be4138, debugName = QuickstepLaunch }
03-01 14:31:08.680   823   857 V WindowManagerShell:  animated by firstHandler
03-01 14:31:08.685   583  3602 W UserManagerService: Requested status bar icon for non-badged user 0
03-01 14:31:08.689  1058  1058 D BaseDepthController: mSurface is null and mCurrentBlur is: 0
03-01 14:31:08.689  1058  1058 D BaseDepthController: mSurface is null and mCurrentBlur is: 0
03-01 14:31:08.689  1058  1058 D BaseDepthController: mSurface is null and mCurrentBlur is: 0
03-01 14:31:08.694  1058  1058 D BaseDepthController: mSurface is null and mCurrentBlur is: 0
03-01 14:31:08.707  7295  7295 V SDL     : Manufacturer: unknown
03-01 14:31:08.707  7295  7295 V SDL     : Device: emu64x
03-01 14:31:08.708  7295  7295 V SDL     : Model: Android SDK built for x86_64
03-01 14:31:08.708  7295  7295 V SDL     : onCreate()
03-01 14:31:08.711  7295  7295 D nativeloader: Load /data/app/~~r7gqRWyCkJQxHFYAxzomjw==/xyz.ws3917.game-Y-mLcDfpTT2ZcMfZjkm2Jg==/base.apk!/lib/x86_64/libSDL3.so using ns clns-7 from class loader (caller=/data/app/~~r7gqRWyCkJQxHFYAxzomjw==/xyz.ws3917.game-Y-mLcDfpTT2ZcMfZjkm2Jg==/base.apk): ok
03-01 14:31:08.716  7295  7295 D nativeloader: Load /data/app/~~r7gqRWyCkJQxHFYAxzomjw==/xyz.ws3917.game-Y-mLcDfpTT2ZcMfZjkm2Jg==/base.apk!/lib/x86_64/libmain.so using ns clns-7 from class loader (caller=/data/app/~~r7gqRWyCkJQxHFYAxzomjw==/xyz.ws3917.game-Y-mLcDfpTT2ZcMfZjkm2Jg==/base.apk): ok
03-01 14:31:08.717  7295  7295 V SDL     : nativeSetupJNI()
03-01 14:31:08.718  7295  7295 V SDL     : AUDIO nativeSetupJNI()
03-01 14:31:08.719  7295  7295 V SDL     : CONTROLLER nativeSetupJNI()
03-01 14:31:08.733   450   554 D audioserver: logFgsApiEnd: FGS Logger Transaction failed, -129
03-01 14:31:08.735  7295  7295 V SDL     : onStart()
03-01 14:31:08.737  7295  7295 V SDL     : onResume()
03-01 14:31:08.744  7295  7295 W HWUI    : Unknown dataspace 0
03-01 14:31:08.744   415   437 I RanchuHwc: logCompositionFallbackIfChanged: layer 758 CompositionType fallback from 2 to 1
03-01 14:31:08.749   583  2311 W WindowManager: Failed looking up window session=Session{9db4d6c 7295:u0a10151} callers=com.android.server.wm.WindowManagerService.windowForClientLocked:6311 com.android.server.wm.Session.updateRequestedVisibleTypes:755 android.view.IWindowSession$Stub.onTransact:1078 
03-01 14:31:08.758  1058  1329 D EGL_emulation: app_time_stats: avg=1367.27ms min=0.65ms max=16353.62ms count=12
03-01 14:31:08.763   583  2174 D CoreBackPreview: Window{9a9353b u0 xyz.ws3917.game/org.libsdl.app.SDLActivity}: Setting back callback OnBackInvokedCallbackInfo{mCallback=android.window.IOnBackInvokedCallback$Stub$Proxy@99e69b1, mPriority=0, mIsAnimationCallback=false}
03-01 14:31:08.767  7295  7309 I EGL_emulation: Opening libGLESv1_CM_emulation.so
03-01 14:31:08.767  7295  7309 I EGL_emulation: Opening libGLESv2_emulation.so
03-01 14:31:08.796  7295  7295 V SDL     : surfaceCreated()
03-01 14:31:08.796  7295  7295 V SDL     : surfaceChanged()
03-01 14:31:08.796  7295  7295 V SDL     : Window size: 640x320
03-01 14:31:08.796  7295  7295 V SDL     : Device size: 640x320
03-01 14:31:08.798  7295  7309 W HWUI    : Failed to choose config with EGL_SWAP_BEHAVIOR_PRESERVED, retrying without...
03-01 14:31:08.798  7295  7309 W HWUI    : Failed to initialize 101010-2 format, error = EGL_SUCCESS
03-01 14:31:08.800  7295  7313 V SDL     : nativeInitSDLThread() 1 time
03-01 14:31:08.800  7295  7313 V SDL     : Running main function SDL_main from library /data/app/~~r7gqRWyCkJQxHFYAxzomjw==/xyz.ws3917.game-Y-mLcDfpTT2ZcMfZjkm2Jg==/lib/x86_64/libmain.so
03-01 14:31:08.845  7295  7313 I SDL/APP : hello, ws3917
03-01 14:31:08.845  7295  7313 I SDL/APP : /data/data/xyz.ws3917.game/files/
03-01 14:31:08.846  7295  7313 V SDL     : setOrientation() requestedOrientation=13 width=1280 height=960 resizable=true hint=
03-01 14:31:08.848  7295  7313 V SDL     : setOrientation() requestedOrientation=13 width=1280 height=960 resizable=true hint=
03-01 14:31:08.838     0     0 I servicemanager: Caller(pid=7295,uid=10151,sid=u:r:untrusted_app:s0:c151,c256,c512,c768) Could not find android.hardware.graphics.allocator.IAllocator/default in the VINTF manifest. No alternative instances declared in VINTF.
03-01 14:31:08.865   174   174 I hwservicemanager: getTransport: Cannot find entry android.hardware.graphics.mapper@4.0::IMapper/default in either framework or device VINTF manifest.
03-01 14:31:08.865  7295  7313 I Gralloc4: mapper 4.x is not supported
03-01 14:31:08.892  7295  7313 I SDL/APP : pixel format wanted SDL_PIXELFORMAT_RGBA8888 (1), got SDL_PIXELFORMAT_RGBA8888 (1)
03-01 14:31:08.973   823   915 D EGL_emulation: app_time_stats: avg=8942.31ms min=8942.31ms max=8942.31ms count=1
03-01 14:31:08.981   583  3602 W BestClock: java.time.DateTimeException: Missing network time fix
03-01 14:31:08.982   583  3602 W BestClock: java.time.DateTimeException: Missing network time fix
03-01 14:31:08.983   583  3602 W BestClock: java.time.DateTimeException: Missing network time fix
03-01 14:31:09.009   583   618 D LocalDisplayAdapter: Unable to set ALLM because the connected display does not support ALLM.
03-01 14:31:09.012   583   614 I ActivityTaskManager: Displayed xyz.ws3917.game/org.libsdl.app.SDLActivity for user 0: +440ms
03-01 14:31:09.020   454   454 E HwcComposer: setContentType failed Status(-8, EX_SERVICE_SPECIFIC): '8: '
03-01 14:31:09.020   454   454 E HWComposer: setContentType: setContentType failed for display 4619827259835644672: Unsupported (8)
03-01 14:31:09.035  7295  7295 V SDL     : onWindowFocusChanged(): true
03-01 14:31:09.207   823   857 V WindowManagerShell: Transition animation finished (aborted=false), notifying core (#310) android.os.BinderProxy@2cd647f@0
03-01 14:31:09.210   583   614 V WindowManager: Finish Transition (#310): created at 03-01 14:31:08.571 collect-started=0.028ms request-sent=4.623ms started=6.969ms ready=96.066ms sent=99.742ms finished=637.938ms
03-01 14:31:09.213   823   857 V WindowManagerShell: Track 0 became idle
03-01 14:31:09.213   823   857 V WindowManagerShell: All active transition animations finished
03-01 14:31:09.213   823   857 V WindowManagerShell: Transition requested (#311): android.os.BinderProxy@54965b0 TransitionRequestInfo { type = CHANGE, triggerTask = null, pipTask = null, remoteTransition = null, displayChange = DisplayChange { displayId = 0, startAbsBounds = null, endAbsBounds = null, startRotation = 0, endRotation = 1, physicalDisplayChanged = false }, flags = 0, debugId = 311 }
03-01 14:31:09.214   583  2174 W UserManagerService: Requested status bar icon for non-badged user 0
03-01 14:31:09.214   823   857 D WindowManagerShell: PipTaskOrganizer: Skip onMovementBoundsChanged on rotation change InSwipePipToHomeTransition=false mWaitForFixedRotation=true getTransitionState=0
03-01 14:31:09.215   583  2311 W UserManagerService: Requested status bar icon for non-badged user 0
03-01 14:31:09.217   583   617 I ActivityTaskManager: Config changes=20000480 {1.0 310mcc260mnc [en_US] ldltr sw320dp w640dp h320dp 160dpi nrml long land finger qwerty/v/v -nav/h winConfig={ mBounds=Rect(0, 0 - 640, 320) mAppBounds=Rect(0, 0 - 640, 320) mMaxBounds=Rect(0, 0 - 640, 320) mDisplayRotation=ROTATION_90 mWindowingMode=fullscreen mActivityType=undefined mAlwaysOnTop=undefined mRotation=ROTATION_90} s.1549 fontWeightAdjustment=0}
03-01 14:31:09.219   583   617 V ActivityTaskManager: Sending to IME proc com.android.inputmethod.latin new config {1.0 310mcc260mnc [en_US] ldltr sw320dp w592dp h320dp 160dpi nrml long land finger qwerty/v/v -nav/h winConfig={ mBounds=Rect(0, 0 - 640, 320) mAppBounds=Rect(0, 0 - 592, 320) mMaxBounds=Rect(0, 0 - 640, 320) mDisplayRotation=ROTATION_90 mWindowingMode=fullscreen mActivityType=undefined mAlwaysOnTop=undefined mRotation=ROTATION_90} s.1565 fontWeightAdjustment=0}
03-01 14:31:09.219   583   617 I WindowManager: Override config changes=20000480 {1.0 310mcc260mnc [en_US] ldltr sw320dp w640dp h320dp 160dpi nrml long land finger qwerty/v/v -nav/h winConfig={ mBounds=Rect(0, 0 - 640, 320) mAppBounds=Rect(0, 0 - 640, 320) mMaxBounds=Rect(0, 0 - 640, 320) mDisplayRotation=ROTATION_90 mWindowingMode=fullscreen mActivityType=undefined mAlwaysOnTop=undefined mRotation=ROTATION_90} s.1549 fontWeightAdjustment=0} for displayId=0
03-01 14:31:09.221   583   583 W WindowTokenClientController: Can't find attached WindowTokenClient for android.window.WindowTokenClient@af574e3
03-01 14:31:09.222   823   857 D WindowManagerShell: onFixedRotationFinished: null, state=PipTransitionState(mState=undefined, mInSwipePipToHomeTransition=false)
03-01 14:31:09.227   823   857 V ShellDragAndDrop: Display changed: 0
03-01 14:31:09.228   454   454 I BpBinder: onLastStrongRef automatically unlinking death recipients: 
03-01 14:31:09.229   583   617 W IPCThreadState: Sending oneway calls to frozen process.
03-01 14:31:09.231   823   823 I NoBackGesture: Config changed: newConfig={1.0 310mcc260mnc [en_US] ldltr sw320dp w640dp h320dp 160dpi nrml long land finger qwerty/v/v -nav/h winConfig={ mBounds=Rect(0, 0 - 640, 320) mAppBounds=Rect(0, 0 - 640, 320) mMaxBounds=Rect(0, 0 - 640, 320) mDisplayRotation=ROTATION_90 mWindowingMode=fullscreen mActivityType=undefined mAlwaysOnTop=undefined mRotation=ROTATION_90} s.1573 fontWeightAdjustment=0} lastReportedConfig={1.0 310mcc260mnc [en_US] ldltr sw320dp w320dp h640dp 160dpi nrml long port finger qwerty/v/v -nav/h winConfig={ mBounds=Rect(0, 0 - 320, 640) mAppBounds=Rect(0, 0 - 320, 640) mMaxBounds=Rect(0, 0 - 320, 640) mDisplayRotation=ROTATION_0 mWindowingMode=fullscreen mActivityType=undefined mAlwaysOnTop=undefined mRotation=ROTATION_0} s.1545 fontWeightAdjustment=0}
03-01 14:31:09.231   583   617 I InputManager-JNI: Viewport [0] to add: local:4619827259835644672, isActive: true
03-01 14:31:09.231   823   823 I NoBackGesture: NavbarController: newConfig={1.0 310mcc260mnc [en_US] ldltr sw320dp w640dp h320dp 160dpi nrml long land finger qwerty/v/v -nav/h winConfig={ mBounds=Rect(0, 0 - 640, 320) mAppBounds=Rect(0, 0 - 640, 320) mMaxBounds=Rect(0, 0 - 640, 320) mDisplayRotation=ROTATION_90 mWindowingMode=fullscreen mActivityType=undefined mAlwaysOnTop=undefined mRotation=ROTATION_90} s.1573 fontWeightAdjustment=0} mTaskbarDelegate initialized=false willApplyConfigToNavbars=false navBarCount=0
03-01 14:31:09.231   823   857 D ShellSplitScreen: onTaskInfoChanged: taskId=3 taskAct=null
03-01 14:31:09.233   583   700 I InputReader: Reconfiguring input devices, changes=DISPLAY_INFO
03-01 14:31:09.233   583   700 I InputReader: Touch device 'virtio_input_multi_touch_3' could not query the properties of its associated display.  The device will be inoperable until the display size becomes available.
03-01 14:31:09.234   583   700 I InputReader: Touch device 'virtio_input_multi_touch_4' could not query the properties of its associated display.  The device will be inoperable until the display size becomes available.
03-01 14:31:09.237   583   700 I InputReader: Touch device 'virtio_input_multi_touch_5' could not query the properties of its associated display.  The device will be inoperable until the display size becomes available.
03-01 14:31:09.237   583   700 I InputReader: Touch device 'virtio_input_multi_touch_6' could not query the properties of its associated display.  The device will be inoperable until the display size becomes available.
03-01 14:31:09.237   583   700 I InputReader: Touch device 'virtio_input_multi_touch_7' could not query the properties of its associated display.  The device will be inoperable until the display size becomes available.
03-01 14:31:09.237   583   700 I InputReader: Touch device 'virtio_input_multi_touch_9' could not query the properties of its associated display.  The device will be inoperable until the display size becomes available.
03-01 14:31:09.237   583   700 I InputReader: Touch device 'virtio_input_multi_touch_10' could not query the properties of its associated display.  The device will be inoperable until the display size becomes available.
03-01 14:31:09.237   583   700 I InputReader: Touch device 'virtio_input_multi_touch_11' could not query the properties of its associated display.  The device will be inoperable until the display size becomes available.
03-01 14:31:09.237   583   700 I InputReader: Touch device 'virtio_input_multi_touch_8' could not query the properties of its associated display.  The device will be inoperable until the display size becomes available.
03-01 14:31:09.238  1058  1058 D VRI[QuickstepLauncher]: visibilityChanged oldVisibility=true newVisibility=false
03-01 14:31:09.240   583   700 I InputReader: Touch device 'virtio_input_multi_touch_2' could not query the properties of its associated display.  The device will be inoperable until the display size becomes available.
03-01 14:31:09.242   583   617 D DisplayManagerService: Ignore redundant display event 0/2 to 10062/1707
03-01 14:31:09.242   583   617 D DisplayManagerService: Ignore redundant display event 0/2 to 10108/7180
03-01 14:31:09.245   823   823 D DisplayRepository: combining enabled=[0], connectedExternalDisplayIds=[], ignored=[]
03-01 14:31:09.250   583  2461 I WindowManager: finishDrawing of orientation change: Window{fb49b66 u0 com.android.systemui.wallpapers.ImageWallpaper} 21ms
03-01 14:31:09.256   583   732 W BestClock: java.time.DateTimeException: Missing network time fix
03-01 14:31:09.256   583   614 V WindowManager: Sent Transition (#311) createdAt=03-01 14:31:09.211 via request=TransitionRequestInfo { type = CHANGE, triggerTask = null, pipTask = null, remoteTransition = null, displayChange = DisplayChange { displayId = 0, startAbsBounds = null, endAbsBounds = null, startRotation = 0, endRotation = 1, physicalDisplayChanged = false }, flags = 0, debugId = 311 }
03-01 14:31:09.256   583   614 V WindowManager:     startWCT=WindowContainerTransaction { changes = {} hops = [] errorCallbackToken=null taskFragmentOrganizer=null }
03-01 14:31:09.257   583   614 V WindowManager:     info={id=311 t=CHANGE f=0x0 trk=0 r=[0@Point(0, 0)] c=[
03-01 14:31:09.257   583   614 V WindowManager:         {WCT{RemoteToken{3b4eac5 Task{cd7105e #136 type=standard A=10151:xyz.ws3917.game}}} m=CHANGE f=NONE p=WCT{RemoteToken{d958117 DefaultTaskDisplayArea@56119594}} leash=Surface(name=Task=136)/@0x59de709 sb=Rect(0, 0 - 320, 640) eb=Rect(0, 0 - 640, 320) d=0 r=0->1:0 taskParent=-1},
03-01 14:31:09.257   583   614 V WindowManager:         {WCT{RemoteToken{d958117 DefaultTaskDisplayArea@56119594}} m=CHANGE f=NONE p=WCT{RemoteToken{aa8db57 Display{#0 state=ON size=640x320 ROTATION_90}}} leash=Surface(name=DefaultTaskDisplayArea)/@0xce48c6f sb=Rect(0, 0 - 320, 640) eb=Rect(0, 0 - 640, 320) d=0 r=0->1:-1},
03-01 14:31:09.257   583   614 V WindowManager:         {null m=CHANGE f=IS_WALLPAPER p=WCT{RemoteToken{aa8db57 Display{#0 state=ON size=640x320 ROTATION_90}}} leash=Surface(name=WallpaperWindowToken{af07507 token=android.os.Binder@cd23f46})/@0xdc3f34e sb=Rect(0, 0 - 320, 640) eb=Rect(0, 0 - 640, 320) d=0 r=0->1:-1},
03-01 14:31:09.257   583   614 V WindowManager:         {WCT{RemoteToken{aa8db57 Display{#0 state=ON size=640x320 ROTATION_90}}} m=CHANGE f=IS_DISPLAY leash=Surface(name=WindowedMagnification:0:31)/@0x726141f sb=Rect(0, 0 - 320, 640) eb=Rect(0, 0 - 640, 320) d=0 r=0->1:3}
03-01 14:31:09.257   583   614 V WindowManager:     ]}
03-01 14:31:09.258   823  1940 V WindowManagerShell: onTransitionReady(transaction=2503965944966)
03-01 14:31:09.258   583   732 W BestClock: java.time.DateTimeException: Missing network time fix
03-01 14:31:09.259   823   857 V WindowManagerShell: onTransitionReady (#311) android.os.BinderProxy@54965b0: {id=311 t=CHANGE f=0x0 trk=0 r=[0@Point(0, 0)] c=[{WCT{android.window.IWindowContainerToken$Stub$Proxy@af2abff} m=CHANGE f=NONE p=WCT{android.window.IWindowContainerToken$Stub$Proxy@ff51dcc} leash=Surface(name=Task=136)/@0xf704fd2 sb=Rect(0, 0 - 320, 640) eb=Rect(0, 0 - 640, 320) d=0 r=0->1:0 taskParent=-1},{WCT{android.window.IWindowContainerToken$Stub$Proxy@23a0815} m=CHANGE f=NONE p=WCT{android.window.IWindowContainerToken$Stub$Proxy@66a072a} leash=Surface(name=DefaultTaskDisplayArea)/@0x99028a3 sb=Rect(0, 0 - 320, 640) eb=Rect(0, 0 - 640, 320) d=0 r=0->1:-1},{null m=CHANGE f=IS_WALLPAPER p=WCT{android.window.IWindowContainerToken$Stub$Proxy@dd0091b} leash=Surface(name=WallpaperWindowToken{af07507 token=android.os.Binder@cd23f46})/@0xfd527a0 sb=Rect(0, 0 - 320, 640) eb=Rect(0, 0 - 640, 320) d=0 r=0->1:-1},{WCT{android.window.IWindowContainerToken$Stub$Proxy@a3c4ab8} m=CHANGE f=IS_DISPLAY leash=Surface(name=WindowedMagnification:0:31)/@0x594cf59 sb=Rect(0, 0 - 320, 640) eb=Rect(0, 0 - 640, 320) d=0 r=0->1:3}]}
03-01 14:31:09.260   823   857 V WindowManagerShell: Playing animation for (#311) android.os.BinderProxy@54965b0@0
03-01 14:31:09.260   823   857 V WindowManagerShell:  try handler com.android.wm.shell.transition.DefaultMixedHandler@8fa7666
03-01 14:31:09.260   823   857 V WindowManagerShell:  try handler com.android.wm.shell.keyguard.KeyguardTransitionHandler@b9bada7
03-01 14:31:09.260   823   857 V WindowManagerShell:  try handler com.android.wm.shell.pip.PipTransition@65c0254
03-01 14:31:09.260   823   857 V WindowManagerShell:  try handler com.android.wm.shell.activityembedding.ActivityEmbeddingController@edac5fd
03-01 14:31:09.261   823   857 V WindowManagerShell:  try handler com.android.wm.shell.recents.RecentsTransitionHandler@a2792f2
03-01 14:31:09.261   823   857 V ShellRecents: RecentsTransitionHandler.startAnimation: no controller found
03-01 14:31:09.261   823   857 V WindowManagerShell:  try handler com.android.wm.shell.splitscreen.StageCoordinator@acb7d43
03-01 14:31:09.262   823   857 V WindowManagerShell:  try handler com.android.wm.shell.transition.RemoteTransitionHandler@da0efc0
03-01 14:31:09.262   823   857 V WindowManagerShell:  try handler com.android.wm.shell.transition.DefaultTransitionHandler@a9eaa9f
03-01 14:31:09.262   823   857 V WindowManagerShell: start default transition animation, info = {id=311 t=CHANGE f=0x0 trk=0 r=[0@Point(0, 0)] c=[{WCT{android.window.IWindowContainerToken$Stub$Proxy@af2abff} m=CHANGE f=NONE p=WCT{android.window.IWindowContainerToken$Stub$Proxy@ff51dcc} leash=Surface(name=Task=136)/@0xf704fd2 sb=Rect(0, 0 - 320, 640) eb=Rect(0, 0 - 640, 320) d=0 r=0->1:0 taskParent=-1},{WCT{android.window.IWindowContainerToken$Stub$Proxy@23a0815} m=CHANGE f=NONE p=WCT{android.window.IWindowContainerToken$Stub$Proxy@66a072a} leash=Surface(name=DefaultTaskDisplayArea)/@0x99028a3 sb=Rect(0, 0 - 320, 640) eb=Rect(0, 0 - 640, 320) d=0 r=0->1:-1},{null m=CHANGE f=IS_WALLPAPER p=WCT{android.window.IWindowContainerToken$Stub$Proxy@dd0091b} leash=Surface(name=WallpaperWindowToken{af07507 token=android.os.Binder@cd23f46})/@0xfd527a0 sb=Rect(0, 0 - 320, 640) eb=Rect(0, 0 - 640, 320) d=0 r=0->1:-1},{WCT{android.window.IWindowContainerToken$Stub$Proxy@a3c4ab8} m=CHANGE f=IS_DISPLAY leash=Surface(name=WindowedMagnification:0:31)/@0x594cf59 sb=Rect(0, 0 - 320, 640) eb=Rect(0, 0 - 640, 320) d=0 r=0->1:3}]}
03-01 14:31:09.263   823   857 V WindowManagerShell: Display is changing, resolve the animation hint.
03-01 14:31:09.263   823   857 V WindowManagerShell:   display requests explicit seamless
03-01 14:31:09.264   823   857 V WindowManagerShell: Transition animation finished (aborted=false), notifying core (#311) android.os.BinderProxy@54965b0@0
03-01 14:31:09.266   823   857 V WindowManagerShell: Track 0 became idle
03-01 14:31:09.266   823   857 V WindowManagerShell: All active transition animations finished
03-01 14:31:09.267   823   857 V WindowManagerShell:  animated by com.android.wm.shell.transition.DefaultTransitionHandler@a9eaa9f
03-01 14:31:09.267   823   857 V WindowManagerShell: Track 0 became idle
03-01 14:31:09.267   823   857 V WindowManagerShell: All active transition animations finished
03-01 14:31:09.268  1058  1058 D b/254119092: TaskbarManager#mComponentCallbacks.onConfigurationChanged: {1.0 310mcc260mnc [en_US] ldltr sw320dp w640dp h320dp 160dpi nrml long land finger qwerty/v/v -nav/h winConfig={ mBounds=Rect(0, 0 - 640, 320) mAppBounds=Rect(0, 0 - 640, 320) mMaxBounds=Rect(0, 0 - 640, 320) mDisplayRotation=ROTATION_90 mWindowingMode=fullscreen mActivityType=undefined mAlwaysOnTop=undefined mRotation=ROTATION_90} s.1549 fontWeightAdjustment=0}
03-01 14:31:09.268  1058  1058 D b/254119092: mActivity and mContext agree taskbarIsPresent=false
03-01 14:31:09.268   583   614 V WindowManager: Finish Transition (#311): created at 03-01 14:31:09.211 collect-started=0.112ms request-sent=0.178ms started=3.299ms ready=15.507ms sent=43.978ms finished=53.932ms
03-01 14:31:09.269  1058  1058 D b/254119092: ComponentCallbacks#onConfigurationChanged() configDiff={}
03-01 14:31:09.269  1058  1058 D b/254119092: mActivity and mContext agree taskbarIsPresent=false
03-01 14:31:09.269  1058  1058 D b/254119092: destroyExistingTaskbar: com.android.launcher3.taskbar.TaskbarActivityContext@54d9053
03-01 14:31:09.269  1058  1058 D b/254119092: mActivity and mContext agree taskbarIsPresent=false
03-01 14:31:09.271  1058  1058 D View    : ---- ST:requestLayout 
03-01 14:31:09.271  1058  1058 D View    : requestLayout : getStackTrace(Thread.java:1841) <- printStackStrace(View.java:27969) <- requestLayout(View.java:27999) <- requestLayout(View.java:28020) <- requestLayout(View.java:28020) <- requestLayout(View.java:28020) <- removeAllViews(ViewGroup.java:5740) <- onDestroy(NavbarButtonsViewController.java:949) <- onDestroy(TaskbarControllers.java:232) <- onDestroy(TaskbarActivityContext.java:804) <- destroyExistingTaskbar(TaskbarManager.java:327) <- recreateTaskbar(TaskbarManager.java:454) <- onConfigurationChanged(TaskbarManager.java:284) <- lambda$dispatchConfigurationChanged$0(ComponentCallbacksController.java:91) <- accept(D8$$SyntheticClass:0) <- forAllComponentCallbacks(ComponentCallbacksController.java:124) <- dispatchConfigurationChanged(ComponentCallbacksController.java:91) <- dispatchConfigurationChanged(WindowContext.java:142) <- onConfigurationChangedInner(WindowTokenClient.java:205) <- onConfigurationChanged(WindowTokenClient.java:155) <- 
03-01 14:31:09.272  1058  1058 D b/254119092: recreateTaskbar: isTaskbarEnabled=true [dp != null (i.e. mUserUnlocked)]=true FLAG_HIDE_NAVBAR_WINDOW=true dp.isTaskbarPresent=false
03-01 14:31:09.272  1058  1058 D b/254119092: mActivity and mContext agree taskbarIsPresent=false
03-01 14:31:09.274   898  1009 E SystemServiceRegistry: No service published for: ethernet
03-01 14:31:09.274   898  1009 E SystemServiceRegistry: android.os.ServiceManager$ServiceNotFoundException: No service published for: ethernet
03-01 14:31:09.274   898  1009 E SystemServiceRegistry: 	at android.os.ServiceManager.getServiceOrThrow(ServiceManager.java:203)
03-01 14:31:09.274   898  1009 E SystemServiceRegistry: 	at android.app.SystemServiceRegistry$145.createService(SystemServiceRegistry.java:2120)
03-01 14:31:09.274   898  1009 E SystemServiceRegistry: 	at android.app.SystemServiceRegistry$CachedServiceFetcher.getService(SystemServiceRegistry.java:2231)
03-01 14:31:09.274   898  1009 E SystemServiceRegistry: 	at android.app.SystemServiceRegistry.getSystemService(SystemServiceRegistry.java:1812)
03-01 14:31:09.274   898  1009 E SystemServiceRegistry: 	at android.app.ContextImpl.getSystemService(ContextImpl.java:2241)
03-01 14:31:09.274   898  1009 E SystemServiceRegistry: 	at android.content.ContextWrapper.getSystemService(ContextWrapper.java:936)
03-01 14:31:09.274   898  1009 E SystemServiceRegistry: 	at com.android.networkstack.tethering.Tethering.isEthernetSupported(Tethering.java:1579)
03-01 14:31:09.274   898  1009 E SystemServiceRegistry: 	at com.android.networkstack.tethering.Tethering.makeSupportedDownstreams(Tethering.java:2562)
03-01 14:31:09.274   898  1009 E SystemServiceRegistry: 	at com.android.networkstack.tethering.Tethering.updateSupportedDownstreams(Tethering.java:2536)
03-01 14:31:09.274   898  1009 E SystemServiceRegistry: 	at com.android.networkstack.tethering.Tethering.updateConfiguration(Tethering.java:549)
03-01 14:31:09.274   898  1009 E SystemServiceRegistry: 	at com.android.networkstack.tethering.Tethering.-$$Nest$mupdateConfiguration(Tethering.java:0)
03-01 14:31:09.274   898  1009 E SystemServiceRegistry: 	at com.android.networkstack.tethering.Tethering$StateReceiver.onReceive(Tethering.java:1186)
03-01 14:31:09.274   898  1009 E SystemServiceRegistry: 	at android.app.LoadedApk$ReceiverDispatcher$Args.lambda$getRunnable$0(LoadedApk.java:1814)
03-01 14:31:09.274   898  1009 E SystemServiceRegistry: 	at android.app.LoadedApk$ReceiverDispatcher$Args.$r8$lambda$mcNAAl1SQ4MyJPyDg8TJ2x2h0Rk(Unknown Source:0)
03-01 14:31:09.274   898  1009 E SystemServiceRegistry: 	at android.app.LoadedApk$ReceiverDispatcher$Args$$ExternalSyntheticLambda0.run(D8$$SyntheticClass:0)
03-01 14:31:09.274   898  1009 E SystemServiceRegistry: 	at android.os.Handler.handleCallback(Handler.java:959)
03-01 14:31:09.274   898  1009 E SystemServiceRegistry: 	at android.os.Handler.dispatchMessage(Handler.java:100)
03-01 14:31:09.274   898  1009 E SystemServiceRegistry: 	at android.os.Looper.loopOnce(Looper.java:232)
03-01 14:31:09.274   898  1009 E SystemServiceRegistry: 	at android.os.Looper.loop(Looper.java:317)
03-01 14:31:09.274   898  1009 E SystemServiceRegistry: 	at android.os.HandlerThread.run(HandlerThread.java:85)
03-01 14:31:09.354  1058  1058 E Overrides: Bad overriden class
03-01 14:31:09.354  1058  1058 E Overrides: java.lang.NoSuchMethodException: com.android.launcher3.taskbar.TaskbarModelCallbacksFactory.<init> [class android.content.Context]
03-01 14:31:09.354  1058  1058 E Overrides: 	at java.lang.Class.getConstructor0(Class.java:3395)
03-01 14:31:09.354  1058  1058 E Overrides: 	at java.lang.Class.getDeclaredConstructor(Class.java:3077)
03-01 14:31:09.354  1058  1058 E Overrides: 	at com.android.launcher3.util.ResourceBasedOverride$Overrides.getObject(ResourceBasedOverride.java:42)
03-01 14:31:09.354  1058  1058 E Overrides: 	at com.android.launcher3.taskbar.TaskbarModelCallbacksFactory$Companion.newInstance(TaskbarModelCallbacksFactory.kt:35)
03-01 14:31:09.354  1058  1058 E Overrides: 	at com.android.launcher3.taskbar.TaskbarModelCallbacksFactory.newInstance(Unknown Source:2)
03-01 14:31:09.354  1058  1058 E Overrides: 	at com.android.launcher3.taskbar.TaskbarViewController.<init>(TaskbarViewController.java:163)
03-01 14:31:09.354  1058  1058 E Overrides: 	at com.android.launcher3.taskbar.TaskbarActivityContext.<init>(TaskbarActivityContext.java:271)
03-01 14:31:09.354  1058  1058 E Overrides: 	at com.android.launcher3.taskbar.TaskbarManager.recreateTaskbar(TaskbarManager.java:468)
03-01 14:31:09.354  1058  1058 E Overrides: 	at com.android.launcher3.taskbar.TaskbarManager$4.onConfigurationChanged(TaskbarManager.java:284)
03-01 14:31:09.354  1058  1058 E Overrides: 	at android.content.ComponentCallbacksController.lambda$dispatchConfigurationChanged$0(ComponentCallbacksController.java:91)
03-01 14:31:09.354  1058  1058 E Overrides: 	at android.content.ComponentCallbacksController$$ExternalSyntheticLambda2.accept(D8$$SyntheticClass:0)
03-01 14:31:09.354  1058  1058 E Overrides: 	at android.content.ComponentCallbacksController.forAllComponentCallbacks(ComponentCallbacksController.java:124)
03-01 14:31:09.354  1058  1058 E Overrides: 	at android.content.ComponentCallbacksController.dispatchConfigurationChanged(ComponentCallbacksController.java:91)
03-01 14:31:09.354  1058  1058 E Overrides: 	at android.window.WindowContext.dispatchConfigurationChanged(WindowContext.java:142)
03-01 14:31:09.354  1058  1058 E Overrides: 	at android.window.WindowTokenClient.onConfigurationChangedInner(WindowTokenClient.java:205)
03-01 14:31:09.354  1058  1058 E Overrides: 	at android.window.WindowTokenClient.onConfigurationChanged(WindowTokenClient.java:155)
03-01 14:31:09.354  1058  1058 E Overrides: 	at android.window.WindowTokenClient.onConfigurationChanged(WindowTokenClient.java:112)
03-01 14:31:09.354  1058  1058 E Overrides: 	at android.window.WindowTokenClientController.onWindowContextInfoChanged(WindowTokenClientController.java:207)
03-01 14:31:09.354  1058  1058 E Overrides: 	at android.app.ActivityThread.handleWindowContextInfoChanged(ActivityThread.java:6595)
03-01 14:31:09.354  1058  1058 E Overrides: 	at android.app.servertransaction.WindowContextInfoChangeItem.execute(WindowContextInfoChangeItem.java:45)
03-01 14:31:09.354  1058  1058 E Overrides: 	at android.app.servertransaction.TransactionExecutor.executeNonLifecycleItem(TransactionExecutor.java:174)
03-01 14:31:09.354  1058  1058 E Overrides: 	at android.app.servertransaction.TransactionExecutor.executeTransactionItems(TransactionExecutor.java:109)
03-01 14:31:09.354  1058  1058 E Overrides: 	at android.app.servertransaction.TransactionExecutor.execute(TransactionExecutor.java:81)
03-01 14:31:09.354  1058  1058 E Overrides: 	at android.app.ActivityThread$H.handleMessage(ActivityThread.java:2636)
03-01 14:31:09.354  1058  1058 E Overrides: 	at android.os.Handler.dispatchMessage(Handler.java:107)
03-01 14:31:09.354  1058  1058 E Overrides: 	at android.os.Looper.loopOnce(Looper.java:232)
03-01 14:31:09.354  1058  1058 E Overrides: 	at android.os.Looper.loop(Looper.java:317)
03-01 14:31:09.354  1058  1058 E Overrides: 	at android.app.ActivityThread.main(ActivityThread.java:8705)
03-01 14:31:09.354  1058  1058 E Overrides: 	at java.lang.reflect.Method.invoke(Native Method)
03-01 14:31:09.354  1058  1058 E Overrides: 	at com.android.internal.os.RuntimeInit$MethodAndArgsCaller.run(RuntimeInit.java:580)
03-01 14:31:09.354  1058  1058 E Overrides: 	at com.android.internal.os.ZygoteInit.main(ZygoteInit.java:886)
03-01 14:31:09.359  1058  1058 E Overrides: Bad overriden class
03-01 14:31:09.359  1058  1058 E Overrides: java.lang.NoSuchMethodException: com.android.launcher3.taskbar.TaskbarViewCallbacksFactory.<init> [class android.content.Context]
03-01 14:31:09.359  1058  1058 E Overrides: 	at java.lang.Class.getConstructor0(Class.java:3395)
03-01 14:31:09.359  1058  1058 E Overrides: 	at java.lang.Class.getDeclaredConstructor(Class.java:3077)
03-01 14:31:09.359  1058  1058 E Overrides: 	at com.android.launcher3.util.ResourceBasedOverride$Overrides.getObject(ResourceBasedOverride.java:42)
03-01 14:31:09.359  1058  1058 E Overrides: 	at com.android.launcher3.taskbar.TaskbarViewCallbacksFactory$Companion.newInstance(TaskbarViewCallbacksFactory.kt:36)
03-01 14:31:09.359  1058  1058 E Overrides: 	at com.android.launcher3.taskbar.TaskbarViewCallbacksFactory.newInstance(Unknown Source:2)
03-01 14:31:09.359  1058  1058 E Overrides: 	at com.android.launcher3.taskbar.TaskbarViewController.init(TaskbarViewController.java:177)
03-01 14:31:09.359  1058  1058 E Overrides: 	at com.android.launcher3.taskbar.TaskbarControllers.init(TaskbarControllers.java:156)
03-01 14:31:09.359  1058  1058 E Overrides: 	at com.android.launcher3.taskbar.TaskbarActivityContext.init(TaskbarActivityContext.java:367)
03-01 14:31:09.359  1058  1058 E Overrides: 	at com.android.launcher3.taskbar.TaskbarManager.recreateTaskbar(TaskbarManager.java:477)
03-01 14:31:09.359  1058  1058 E Overrides: 	at com.android.launcher3.taskbar.TaskbarManager$4.onConfigurationChanged(TaskbarManager.java:284)
03-01 14:31:09.359  1058  1058 E Overrides: 	at android.content.ComponentCallbacksController.lambda$dispatchConfigurationChanged$0(ComponentCallbacksController.java:91)
03-01 14:31:09.359  1058  1058 E Overrides: 	at android.content.ComponentCallbacksController$$ExternalSyntheticLambda2.accept(D8$$SyntheticClass:0)
03-01 14:31:09.359  1058  1058 E Overrides: 	at android.content.ComponentCallbacksController.forAllComponentCallbacks(ComponentCallbacksController.java:124)
03-01 14:31:09.359  1058  1058 E Overrides: 	at android.content.ComponentCallbacksController.dispatchConfigurationChanged(ComponentCallbacksController.java:91)
03-01 14:31:09.359  1058  1058 E Overrides: 	at android.window.WindowContext.dispatchConfigurationChanged(WindowContext.java:142)
03-01 14:31:09.359  1058  1058 E Overrides: 	at android.window.WindowTokenClient.onConfigurationChangedInner(WindowTokenClient.java:205)
03-01 14:31:09.359  1058  1058 E Overrides: 	at android.window.WindowTokenClient.onConfigurationChanged(WindowTokenClient.java:155)
03-01 14:31:09.359  1058  1058 E Overrides: 	at android.window.WindowTokenClient.onConfigurationChanged(WindowTokenClient.java:112)
03-01 14:31:09.359  1058  1058 E Overrides: 	at android.window.WindowTokenClientController.onWindowContextInfoChanged(WindowTokenClientController.java:207)
03-01 14:31:09.359  1058  1058 E Overrides: 	at android.app.ActivityThread.handleWindowContextInfoChanged(ActivityThread.java:6595)
03-01 14:31:09.359  1058  1058 E Overrides: 	at android.app.servertransaction.WindowContextInfoChangeItem.execute(WindowContextInfoChangeItem.java:45)
03-01 14:31:09.359  1058  1058 E Overrides: 	at android.app.servertransaction.TransactionExecutor.executeNonLifecycleItem(TransactionExecutor.java:174)
03-01 14:31:09.359  1058  1058 E Overrides: 	at android.app.servertransaction.TransactionExecutor.executeTransactionItems(TransactionExecutor.java:109)
03-01 14:31:09.359  1058  1058 E Overrides: 	at android.app.servertransaction.TransactionExecutor.execute(TransactionExecutor.java:81)
03-01 14:31:09.359  1058  1058 E Overrides: 	at android.app.ActivityThread$H.handleMessage(ActivityThread.java:2636)
03-01 14:31:09.359  1058  1058 E Overrides: 	at android.os.Handler.dispatchMessage(Handler.java:107)
03-01 14:31:09.359  1058  1058 E Overrides: 	at android.os.Looper.loopOnce(Looper.java:232)
03-01 14:31:09.359  1058  1058 E Overrides: 	at android.os.Looper.loop(Looper.java:317)
03-01 14:31:09.359  1058  1058 E Overrides: 	at android.app.ActivityThread.main(ActivityThread.java:8705)
03-01 14:31:09.359  1058  1058 E Overrides: 	at java.lang.reflect.Method.invoke(Native Method)
03-01 14:31:09.359  1058  1058 E Overrides: 	at com.android.internal.os.RuntimeInit$MethodAndArgsCaller.run(RuntimeInit.java:580)
03-01 14:31:09.359  1058  1058 E Overrides: 	at com.android.internal.os.ZygoteInit.main(ZygoteInit.java:886)
03-01 14:31:09.364  1058  1058 D View    : ---- ST:requestLayout 
03-01 14:31:09.364  1058  1058 D View    : requestLayout : getStackTrace(Thread.java:1841) <- printStackStrace(View.java:27969) <- requestLayout(View.java:27999) <- removeAllViews(ViewGroup.java:5740) <- recreateTaskbar(TaskbarManager.java:486) <- onConfigurationChanged(TaskbarManager.java:284) <- lambda$dispatchConfigurationChanged$0(ComponentCallbacksController.java:91) <- accept(D8$$SyntheticClass:0) <- forAllComponentCallbacks(ComponentCallbacksController.java:124) <- dispatchConfigurationChanged(ComponentCallbacksController.java:91) <- dispatchConfigurationChanged(WindowContext.java:142) <- onConfigurationChangedInner(WindowTokenClient.java:205) <- onConfigurationChanged(WindowTokenClient.java:155) <- onConfigurationChanged(WindowTokenClient.java:112) <- onWindowContextInfoChanged(WindowTokenClientController.java:207) <- handleWindowContextInfoChanged(ActivityThread.java:6595) <- execute(WindowContextInfoChangeItem.java:45) <- executeNonLifecycleItem(TransactionExecutor.java:174) <- executeTransactionItems(TransactionExecutor.java:109) <- execute(TransactionExecutor.java:81) <- 
03-01 14:31:09.364  1058  1058 D View    : ---- ST:requestLayout 
03-01 14:31:09.364  1058  1058 D View    : requestLayout : getStackTrace(Thread.java:1841) <- printStackStrace(View.java:27969) <- requestLayout(View.java:27999) <- addView(ViewGroup.java:5083) <- addView(ViewGroup.java:5025) <- addView(ViewGroup.java:4997) <- recreateTaskbar(TaskbarManager.java:487) <- onConfigurationChanged(TaskbarManager.java:284) <- lambda$dispatchConfigurationChanged$0(ComponentCallbacksController.java:91) <- accept(D8$$SyntheticClass:0) <- forAllComponentCallbacks(ComponentCallbacksController.java:124) <- dispatchConfigurationChanged(ComponentCallbacksController.java:91) <- dispatchConfigurationChanged(WindowContext.java:142) <- onConfigurationChangedInner(WindowTokenClient.java:205) <- onConfigurationChanged(WindowTokenClient.java:155) <- onConfigurationChanged(WindowTokenClient.java:112) <- onWindowContextInfoChanged(WindowTokenClientController.java:207) <- handleWindowContextInfoChanged(ActivityThread.java:6595) <- execute(WindowContextInfoChangeItem.java:45) <- executeNonLifecycleItem(TransactionExecutor.java:174) <- 
03-01 14:31:09.365  1058  1058 D View    : ---- ST:requestLayout 
