03-01 14:31:09.365  1058  1058 D View    : requestLayout : getStackTrace(Thread.java:1841) <- printStackStrace(View.java:27969) <- requestLayout(View.java:27999) <- setLayoutParams(View.java:20530) <- updateViewLayout(WindowManagerGlobal.java:464) <- updateViewLayout(WindowManagerImpl.java:165) <- notifyUpdateLayoutParams(TaskbarActivityContext.java:1528) <- recreateTaskbar(TaskbarManager.java:488) <- onConfigurationChanged(TaskbarManager.java:284) <- lambda$dispatchConfigurationChanged$0(ComponentCallbacksController.java:91) <- accept(D8$$SyntheticClass:0) <- forAllComponentCallbacks(ComponentCallbacksController.java:124) <- dispatchConfigurationChanged(ComponentCallbacksController.java:91) <- dispatchConfigurationChanged(WindowContext.java:142) <- onConfigurationChangedInner(WindowTokenClient.java:205) <- onConfigurationChanged(WindowTokenClient.java:155) <- onConfigurationChanged(WindowTokenClient.java:112) <- onWindowContextInfoChanged(WindowTokenClientController.java:207) <- handleWindowContextInfoChanged(ActivityThread.java:6595) <- execute(WindowContextInfoChangeItem.java:45) <- 
03-01 14:31:09.366  1058  1058 D b/254119092: DisplayController#onConfigurationChanged: {1.0 310mcc260mnc [en_US] ldltr sw320dp w640dp h320dp 160dpi nrml long land finger qwerty/v/v -nav/h winConfig={ mBounds=Rect(0, 0 - 640, 320) mAppBounds=Rect(0, 0 - 640, 320) mMaxBounds=Rect(0, 0 - 640, 320) mDisplayRotation=ROTATION_90 mWindowingMode=fullscreen mActivityType=undefined mAlwaysOnTop=undefined mRotation=ROTATION_90} s.1549 fontWeightAdjustment=0}
03-01 14:31:09.384   583  2174 I WindowManager: finishDrawing of orientation change: Window{a2ff174 u0 StatusBar} 155ms
03-01 14:31:09.386   823   823 D DisplayRepository: combining enabled=[0], connectedExternalDisplayIds=[], ignored=[]
03-01 14:31:09.391   583  2461 W UserManagerService: Requested status bar icon for non-badged user 0
03-01 14:31:09.424   823   885 W WindowOnBackDispatcher: sendCancelIfRunning: isInProgress=false callback=android.view.ViewRootImpl$$ExternalSyntheticLambda11@d4001b2
03-01 14:31:09.425   583  2461 D CoreBackPreview: Window{ea1ed5b u0 Splash Screen xyz.ws3917.game EXITING}: Setting back callback null
03-01 14:31:09.426   583  3602 W InputManager-JNI: Input channel object 'ea1ed5b Splash Screen xyz.ws3917.game (client)' was disposed without first being removed with the input manager!
03-01 14:31:09.429   823   823 D DefaultDeviceEntrySection: isUdfpsSupported=false
03-01 14:31:09.470   583  2461 I WindowManager: finishDrawing of orientation change: Window{9a9b53b u0 Taskbar} 241ms
03-01 14:31:09.471  1058  1058 D BaseDepthController: setSurface:
03-01 14:31:09.471  1058  1058 D BaseDepthController: 	mWaitingOnSurfaceValidity: false
03-01 14:31:09.471  1058  1058 D BaseDepthController: 	mSurface: null
03-01 14:31:09.471  1058  1058 D BaseDepthController: mSurface is null and mCurrentBlur is: 23
03-01 14:31:09.471  1058  1058 D StatsLog: LAUNCHER_ONSTOP
03-01 14:31:09.472  1058  1058 W FrameTracker: Missed SF frame:UNKNOWN: 80, 272751, 0, CUJ=J<LAUNCHER_APP_LAUNCH_FROM_ICON>
03-01 14:31:09.472  1058  1058 W FrameTracker: Missing HWUI jank callback for vsyncId: 272751, CUJ=J<LAUNCHER_APP_LAUNCH_FROM_ICON>
03-01 14:31:09.472  1058  1058 W FrameTracker: Missed SF frame:UNKNOWN: 80, 272801, 0, CUJ=J<LAUNCHER_APP_LAUNCH_FROM_ICON>
03-01 14:31:09.472  1058  1058 W FrameTracker: Missing HWUI jank callback for vsyncId: 272801, CUJ=J<LAUNCHER_APP_LAUNCH_FROM_ICON>
03-01 14:31:09.472  1058  1058 W FrameTracker: Missed App frame:UNKNOWN: 76, 272816, 64657032, CUJ=J<LAUNCHER_APP_LAUNCH_FROM_ICON>
03-01 14:31:09.472  1058  1058 W FrameTracker: Missed SF frame:UNKNOWN: 76, 272816, 64657032, CUJ=J<LAUNCHER_APP_LAUNCH_FROM_ICON>
03-01 14:31:09.472  1058  1058 W FrameTracker: Missed App frame:UNKNOWN: 328, 272853, 0, CUJ=J<LAUNCHER_APP_LAUNCH_FROM_ICON>
03-01 14:31:09.472  1058  1058 W FrameTracker: Missing HWUI jank callback for vsyncId: 272853, CUJ=J<LAUNCHER_APP_LAUNCH_FROM_ICON>
03-01 14:31:09.473  1058  1058 W FrameTracker: Missed App frame:UNKNOWN: 76, 272945, 0, CUJ=J<LAUNCHER_APP_LAUNCH_FROM_ICON>
03-01 14:31:09.473  1058  1058 W FrameTracker: Missed SF frame:UNKNOWN: 76, 272945, 0, CUJ=J<LAUNCHER_APP_LAUNCH_FROM_ICON>
03-01 14:31:09.473  1058  1058 W FrameTracker: Missing HWUI jank callback for vsyncId: 272945, CUJ=J<LAUNCHER_APP_LAUNCH_FROM_ICON>
03-01 14:31:09.473  1058  1058 W FrameTracker: Missed App frame:UNKNOWN: 328, 272990, 88343704, CUJ=J<LAUNCHER_APP_LAUNCH_FROM_ICON>
03-01 14:31:09.473  1058  1058 W FrameTracker: Missed App frame:UNKNOWN: 88, 273019, 0, CUJ=J<LAUNCHER_APP_LAUNCH_FROM_ICON>
03-01 14:31:09.473  1058  1058 W FrameTracker: Missed SF frame:UNKNOWN: 88, 273019, 0, CUJ=J<LAUNCHER_APP_LAUNCH_FROM_ICON>
03-01 14:31:09.473  1058  1058 W FrameTracker: Missing HWUI jank callback for vsyncId: 273019, CUJ=J<LAUNCHER_APP_LAUNCH_FROM_ICON>
03-01 14:31:09.474  1058  1058 W FrameTracker: Missed SF frame:UNKNOWN: 80, 273099, 47256208, CUJ=J<LAUNCHER_APP_LAUNCH_FROM_ICON>
03-01 14:31:09.474  1058  1058 W FrameTracker: Missed App frame:UNKNOWN: 88, 273130, 0, CUJ=J<LAUNCHER_APP_LAUNCH_FROM_ICON>
03-01 14:31:09.474  1058  1058 W FrameTracker: Missed SF frame:UNKNOWN: 88, 273130, 0, CUJ=J<LAUNCHER_APP_LAUNCH_FROM_ICON>
03-01 14:31:09.474  1058  1058 W FrameTracker: Missing HWUI jank callback for vsyncId: 273130, CUJ=J<LAUNCHER_APP_LAUNCH_FROM_ICON>
03-01 14:31:09.474   823   885 W FrameTracker: Missed SF frame:PREDICTION_ERROR, 273151, 0, CUJ=J<SPLASHSCREEN_EXIT_ANIM>
03-01 14:31:09.475  1058  1058 W FrameTracker: Missed App frame:UNKNOWN: 88, 273201, 0, CUJ=J<LAUNCHER_APP_LAUNCH_FROM_ICON>
03-01 14:31:09.475   823   885 W FrameTracker: Missing HWUI jank callback for vsyncId: 273151, CUJ=J<SPLASHSCREEN_EXIT_ANIM>
03-01 14:31:09.475  1058  1058 W FrameTracker: Missed SF frame:UNKNOWN: 88, 273201, 0, CUJ=J<LAUNCHER_APP_LAUNCH_FROM_ICON>
03-01 14:31:09.475   823   885 W FrameTracker: Missed SF frame:PREDICTION_ERROR, 273230, 16533278, CUJ=J<SPLASHSCREEN_EXIT_ANIM>
03-01 14:31:09.475  1058  1058 W FrameTracker: Missing HWUI jank callback for vsyncId: 273201, CUJ=J<LAUNCHER_APP_LAUNCH_FROM_ICON>
03-01 14:31:09.475   823   885 W FrameTracker: Missed App frame:UNKNOWN: 24, 273245, 0, CUJ=J<SPLASHSCREEN_EXIT_ANIM>
03-01 14:31:09.475   823   885 W FrameTracker: Missed SF frame:UNKNOWN: 24, 273245, 0, CUJ=J<SPLASHSCREEN_EXIT_ANIM>
03-01 14:31:09.475   823   885 W FrameTracker: Missing HWUI jank callback for vsyncId: 273245, CUJ=J<SPLASHSCREEN_EXIT_ANIM>
03-01 14:31:09.475   823   885 W FrameTracker: Missed App frame:UNKNOWN: 88, 273267, 0, CUJ=J<SPLASHSCREEN_EXIT_ANIM>
03-01 14:31:09.475   823   885 W FrameTracker: Missed SF frame:UNKNOWN: 88, 273267, 0, CUJ=J<SPLASHSCREEN_EXIT_ANIM>
03-01 14:31:09.475   823   885 W FrameTracker: Missing HWUI jank callback for vsyncId: 273267, CUJ=J<SPLASHSCREEN_EXIT_ANIM>
03-01 14:31:09.476   823   885 W FrameTracker: Missed SF frame:UNKNOWN: 80, 273289, 32305480, CUJ=J<SPLASHSCREEN_EXIT_ANIM>
03-01 14:31:09.476   823   885 W FrameTracker: Missed SF frame:UNKNOWN: 80, 273311, 33541214, CUJ=J<SPLASHSCREEN_EXIT_ANIM>
03-01 14:31:09.476   823   885 W FrameTracker: Missed SF frame:UNKNOWN: 80, 273333, 27871348, CUJ=J<SPLASHSCREEN_EXIT_ANIM>
03-01 14:31:09.476  1058  1058 W FrameTracker: Missed SF frame:UNKNOWN: 80, 273259, 22153612, CUJ=J<LAUNCHER_APP_LAUNCH_FROM_ICON>
03-01 14:31:09.476   823   885 W FrameTracker: Missed SF frame:UNKNOWN: 80, 273348, 28799882, CUJ=J<SPLASHSCREEN_EXIT_ANIM>
03-01 14:31:09.476   823   885 W FrameTracker: Missed SF frame:UNKNOWN: 80, 273363, 19696516, CUJ=J<SPLASHSCREEN_EXIT_ANIM>
03-01 14:31:09.476  1058  1058 W FrameTracker: Missed App frame:UNKNOWN: 88, 273281, 34742846, CUJ=J<LAUNCHER_APP_LAUNCH_FROM_ICON>
03-01 14:31:09.476   823   885 W FrameTracker: Missed SF frame:UNKNOWN: 80, 273378, 28593250, CUJ=J<SPLASHSCREEN_EXIT_ANIM>
03-01 14:31:09.476  1058  1058 W FrameTracker: Missed SF frame:UNKNOWN: 88, 273281, 34742846, CUJ=J<LAUNCHER_APP_LAUNCH_FROM_ICON>
03-01 14:31:09.476   823   885 W FrameTracker: Missed SF frame:UNKNOWN: 80, 273393, 33313684, CUJ=J<SPLASHSCREEN_EXIT_ANIM>
03-01 14:31:09.477  1058  1058 W FrameTracker: Missed SF frame:UNKNOWN: 80, 273303, 34413880, CUJ=J<LAUNCHER_APP_LAUNCH_FROM_ICON>
03-01 14:31:09.477   823   885 W FrameTracker: Missed SF frame:UNKNOWN: 80, 273408, 31532318, CUJ=J<SPLASHSCREEN_EXIT_ANIM>
03-01 14:31:09.477  1058  1058 W FrameTracker: Missed SF frame:UNKNOWN: 80, 273325, 33870214, CUJ=J<LAUNCHER_APP_LAUNCH_FROM_ICON>
03-01 14:31:09.477   823   885 W FrameTracker: Missing HWUI jank callback for vsyncId: 273430, CUJ=J<SPLASHSCREEN_EXIT_ANIM>
03-01 14:31:09.478   823   885 W FrameTracker: Missed SF frame:UNKNOWN: 80, 273452, 0, CUJ=J<SPLASHSCREEN_EXIT_ANIM>
03-01 14:31:09.478   823   885 W FrameTracker: Missing HWUI jank callback for vsyncId: 273452, CUJ=J<SPLASHSCREEN_EXIT_ANIM>
03-01 14:31:09.478  1058  1058 W FrameTracker: Missed SF frame:UNKNOWN: 80, 273340, 33146948, CUJ=J<LAUNCHER_APP_LAUNCH_FROM_ICON>
03-01 14:31:09.479  1058  1058 W FrameTracker: Missed SF frame:UNKNOWN: 80, 273355, 30968782, CUJ=J<LAUNCHER_APP_LAUNCH_FROM_ICON>
03-01 14:31:09.479  1058  1058 W FrameTracker: Missed SF frame:UNKNOWN: 80, 273370, 31170116, CUJ=J<LAUNCHER_APP_LAUNCH_FROM_ICON>
03-01 14:31:09.479  1058  1058 W FrameTracker: Missed SF frame:UNKNOWN: 80, 273385, 20191250, CUJ=J<LAUNCHER_APP_LAUNCH_FROM_ICON>
03-01 14:31:09.479   823   885 W FrameTracker: Missed SF frame:UNKNOWN: 66, 273495, 0, CUJ=J<SPLASHSCREEN_EXIT_ANIM>
03-01 14:31:09.479  1058  1058 W FrameTracker: Missed SF frame:UNKNOWN: 80, 273400, 30970984, CUJ=J<LAUNCHER_APP_LAUNCH_FROM_ICON>
03-01 14:31:09.479   823   885 W FrameTracker: Missing HWUI jank callback for vsyncId: 273495, CUJ=J<SPLASHSCREEN_EXIT_ANIM>
03-01 14:31:09.479   823   885 W FrameTracker: Missed App frame:UNKNOWN: 74, 273531, 85197254, CUJ=J<SPLASHSCREEN_EXIT_ANIM>
03-01 14:31:09.480   823   885 W FrameTracker: Missed SF frame:UNKNOWN: 74, 273531, 85197254, CUJ=J<SPLASHSCREEN_EXIT_ANIM>
03-01 14:31:09.481   823   870 V PerfettoTrigger: Not triggering com.android.telemetry.interaction-jank-monitor-39 - not enough time since last trigger
03-01 14:31:09.481  1058  1083 V PerfettoTrigger: Not triggering com.android.telemetry.interaction-jank-monitor-8 - not enough time since last trigger
03-01 14:31:09.490  7295  7295 V SDL     : nativeFocusChanged()
03-01 14:31:09.492   583   706 I ImeTracker: xyz.ws3917.game:4c42797c: onRequestHide at ORIGIN_SERVER reason HIDE_UNSPECIFIED_WINDOW fromUser false
03-01 14:31:09.492   583   706 I ImeTracker: xyz.ws3917.game:4c42797c: onCancelled at PHASE_SERVER_SHOULD_HIDE
03-01 14:31:09.986   583  3602 W BestClock: java.time.DateTimeException: Missing network time fix
03-01 14:31:09.987   583  3602 W BestClock: java.time.DateTimeException: Missing network time fix
03-01 14:31:09.989   583  2174 W BestClock: java.time.DateTimeException: Missing network time fix
03-01 14:31:10.552  7295  7313 D EGL_emulation: app_time_stats: avg=1.05ms min=0.33ms max=20.30ms count=62
03-01 14:31:10.994   583  2174 W BestClock: java.time.DateTimeException: Missing network time fix
03-01 14:31:10.995   583  2174 W BestClock: java.time.DateTimeException: Missing network time fix
03-01 14:31:10.996   583  2174 W BestClock: java.time.DateTimeException: Missing network time fix
03-01 14:31:11.583  7295  7313 D EGL_emulation: app_time_stats: avg=0.72ms min=0.31ms max=11.91ms count=58
03-01 14:31:11.623   390  1847 D android.hardware.audio@7.1-impl.ranchu: threadLoop: entering standby, frames: 27878912
03-01 14:31:11.777   583   687 D ActivityManager: freezing 1035 com.android.permissioncontroller
